// Jest Snapshot v1, https://goo.gl/fbAQLP

exports[`should get current month days and events 1`] = `
Object {
  "days": Array [
    Object {
      "day": 1,
      "events": Array [],
      "name": "Saturday",
      "today": false,
    },
    Object {
      "day": 2,
      "events": Array [],
      "name": "Sunday",
      "today": false,
    },
    Object {
      "day": 3,
      "events": Array [],
      "name": "Monday",
      "today": false,
    },
    Object {
      "day": 4,
      "events": Array [],
      "name": "Tuesday",
      "today": false,
    },
    Object {
      "day": 5,
      "events": Array [],
      "name": "Wednesday",
      "today": false,
    },
    Object {
      "day": 6,
      "events": Array [],
      "name": "Thursday",
      "today": false,
    },
    Object {
      "day": 7,
      "events": Array [
        Object {
          "calendar": "Reminders",
          "color": "#b342f4",
          "createdBy": "Username",
          "id": 123,
          "location": "location address",
          "starts": 2018-09-07T09:50:47.083Z,
          "title": "make that soup already!",
        },
      ],
      "name": "Friday",
      "today": false,
    },
    Object {
      "day": 8,
      "events": Array [],
      "name": "Saturday",
      "today": false,
    },
    Object {
      "day": 9,
      "events": Array [],
      "name": "Sunday",
      "today": false,
    },
    Object {
      "day": 10,
      "events": Array [],
      "name": "Monday",
      "today": false,
    },
    Object {
      "day": 11,
      "events": Array [],
      "name": "Tuesday",
      "today": false,
    },
    Object {
      "day": 12,
      "events": Array [],
      "name": "Wednesday",
      "today": false,
    },
    Object {
      "day": 13,
      "events": Array [],
      "name": "Thursday",
      "today": false,
    },
    Object {
      "day": 14,
      "events": Array [],
      "name": "Friday",
      "today": false,
    },
    Object {
      "day": 15,
      "events": Array [],
      "name": "Saturday",
      "today": false,
    },
    Object {
      "day": 16,
      "events": Array [],
      "name": "Sunday",
      "today": false,
    },
    Object {
      "day": 17,
      "events": Array [],
      "name": "Monday",
      "today": false,
    },
    Object {
      "day": 18,
      "events": Array [],
      "name": "Tuesday",
      "today": false,
    },
    Object {
      "day": 19,
      "events": Array [],
      "name": "Wednesday",
      "today": false,
    },
    Object {
      "day": 20,
      "events": Array [],
      "name": "Thursday",
      "today": false,
    },
    Object {
      "day": 21,
      "events": Array [],
      "name": "Friday",
      "today": false,
    },
    Object {
      "day": 22,
      "events": Array [],
      "name": "Saturday",
      "today": false,
    },
    Object {
      "day": 23,
      "events": Array [],
      "name": "Sunday",
      "today": false,
    },
    Object {
      "day": 24,
      "events": Array [],
      "name": "Monday",
      "today": false,
    },
    Object {
      "day": 25,
      "events": Array [],
      "name": "Tuesday",
      "today": false,
    },
    Object {
      "day": 26,
      "events": Array [],
      "name": "Wednesday",
      "today": false,
    },
    Object {
      "day": 27,
      "events": Array [],
      "name": "Thursday",
      "today": false,
    },
    Object {
      "day": 28,
      "events": Array [],
      "name": "Friday",
      "today": false,
    },
    Object {
      "day": 29,
      "events": Array [],
      "name": "Saturday",
      "today": false,
    },
    Object {
      "day": 30,
      "events": Array [],
      "name": "Sunday",
      "today": false,
    },
  ],
  "month": 9,
  "name": "September",
  "totalDays": 30,
  "totalWeeks": 6,
  "year": 2018,
}
`;

exports[`should get full calendar year 1`] = `
Array [
  Object {
    "current": Object {
      "days": Array [
        Object {
          "day": 1,
          "events": Array [],
          "name": "Monday",
          "today": false,
        },
        Object {
          "day": 2,
          "events": Array [],
          "name": "Tuesday",
          "today": false,
        },
        Object {
          "day": 3,
          "events": Array [],
          "name": "Wednesday",
          "today": false,
        },
        Object {
          "day": 4,
          "events": Array [],
          "name": "Thursday",
          "today": false,
        },
        Object {
          "day": 5,
          "events": Array [],
          "name": "Friday",
          "today": false,
        },
        Object {
          "day": 6,
          "events": Array [],
          "name": "Saturday",
          "today": false,
        },
        Object {
          "day": 7,
          "events": Array [],
          "name": "Sunday",
          "today": false,
        },
        Object {
          "day": 8,
          "events": Array [],
          "name": "Monday",
          "today": false,
        },
        Object {
          "day": 9,
          "events": Array [],
          "name": "Tuesday",
          "today": false,
        },
        Object {
          "day": 10,
          "events": Array [],
          "name": "Wednesday",
          "today": false,
        },
        Object {
          "day": 11,
          "events": Array [],
          "name": "Thursday",
          "today": false,
        },
        Object {
          "day": 12,
          "events": Array [],
          "name": "Friday",
          "today": false,
        },
        Object {
          "day": 13,
          "events": Array [],
          "name": "Saturday",
          "today": false,
        },
        Object {
          "day": 14,
          "events": Array [],
          "name": "Sunday",
          "today": false,
        },
        Object {
          "day": 15,
          "events": Array [],
          "name": "Monday",
          "today": false,
        },
        Object {
          "day": 16,
          "events": Array [],
          "name": "Tuesday",
          "today": false,
        },
        Object {
          "day": 17,
          "events": Array [],
          "name": "Wednesday",
          "today": false,
        },
        Object {
          "day": 18,
          "events": Array [],
          "name": "Thursday",
          "today": false,
        },
        Object {
          "day": 19,
          "events": Array [],
          "name": "Friday",
          "today": false,
        },
        Object {
          "day": 20,
          "events": Array [],
          "name": "Saturday",
          "today": false,
        },
        Object {
          "day": 21,
          "events": Array [],
          "name": "Sunday",
          "today": false,
        },
        Object {
          "day": 22,
          "events": Array [],
          "name": "Monday",
          "today": false,
        },
        Object {
          "day": 23,
          "events": Array [],
          "name": "Tuesday",
          "today": false,
        },
        Object {
          "day": 24,
          "events": Array [],
          "name": "Wednesday",
          "today": false,
        },
        Object {
          "day": 25,
          "events": Array [],
          "name": "Thursday",
          "today": false,
        },
        Object {
          "day": 26,
          "events": Array [],
          "name": "Friday",
          "today": false,
        },
        Object {
          "day": 27,
          "events": Array [],
          "name": "Saturday",
          "today": false,
        },
        Object {
          "day": 28,
          "events": Array [],
          "name": "Sunday",
          "today": false,
        },
        Object {
          "day": 29,
          "events": Array [],
          "name": "Monday",
          "today": false,
        },
        Object {
          "day": 30,
          "events": Array [],
          "name": "Tuesday",
          "today": false,
        },
        Object {
          "day": 31,
          "events": Array [],
          "name": "Wednesday",
          "today": false,
        },
      ],
      "month": 1,
      "name": "January",
      "totalDays": 31,
      "totalWeeks": 5,
      "year": 2018,
    },
    "next": Object {
      "days": Array [
        Object {
          "day": 1,
          "events": Array [],
          "name": "Thursday",
          "offset": true,
        },
        Object {
          "day": 2,
          "events": Array [],
          "name": "Friday",
          "offset": true,
        },
        Object {
          "day": 3,
          "events": Array [],
          "name": "Saturday",
          "offset": true,
        },
        Object {
          "day": 4,
          "events": Array [],
          "name": "Sunday",
          "offset": true,
        },
        Object {
          "day": 5,
          "events": Array [],
          "name": "Monday",
          "offset": true,
        },
        Object {
          "day": 6,
          "events": Array [],
          "name": "Tuesday",
          "offset": true,
        },
        Object {
          "day": 7,
          "events": Array [],
          "name": "Wednesday",
          "offset": true,
        },
        Object {
          "day": 8,
          "events": Array [],
          "name": "Thursday",
          "offset": true,
        },
        Object {
          "day": 9,
          "events": Array [],
          "name": "Friday",
          "offset": true,
        },
        Object {
          "day": 10,
          "events": Array [],
          "name": "Saturday",
          "offset": true,
        },
        Object {
          "day": 11,
          "events": Array [],
          "name": "Sunday",
          "offset": true,
        },
      ],
      "month": 2,
      "name": "February",
      "totalOffsetDays": 11,
      "year": 2018,
    },
    "prev": Object {
      "days": Array [],
      "month": 12,
      "name": "December",
      "totalOffsetDays": 0,
      "year": 2017,
    },
  },
  Object {
    "current": Object {
      "days": Array [
        Object {
          "day": 1,
          "events": Array [],
          "name": "Thursday",
          "today": false,
        },
        Object {
          "day": 2,
          "events": Array [],
          "name": "Friday",
          "today": false,
        },
        Object {
          "day": 3,
          "events": Array [],
          "name": "Saturday",
          "today": false,
        },
        Object {
          "day": 4,
          "events": Array [],
          "name": "Sunday",
          "today": false,
        },
        Object {
          "day": 5,
          "events": Array [],
          "name": "Monday",
          "today": false,
        },
        Object {
          "day": 6,
          "events": Array [],
          "name": "Tuesday",
          "today": false,
        },
        Object {
          "day": 7,
          "events": Array [],
          "name": "Wednesday",
          "today": false,
        },
        Object {
          "day": 8,
          "events": Array [],
          "name": "Thursday",
          "today": false,
        },
        Object {
          "day": 9,
          "events": Array [],
          "name": "Friday",
          "today": false,
        },
        Object {
          "day": 10,
          "events": Array [],
          "name": "Saturday",
          "today": false,
        },
        Object {
          "day": 11,
          "events": Array [],
          "name": "Sunday",
          "today": false,
        },
        Object {
          "day": 12,
          "events": Array [],
          "name": "Monday",
          "today": false,
        },
        Object {
          "day": 13,
          "events": Array [],
          "name": "Tuesday",
          "today": false,
        },
        Object {
          "day": 14,
          "events": Array [],
          "name": "Wednesday",
          "today": false,
        },
        Object {
          "day": 15,
          "events": Array [],
          "name": "Thursday",
          "today": false,
        },
        Object {
          "day": 16,
          "events": Array [],
          "name": "Friday",
          "today": false,
        },
        Object {
          "day": 17,
          "events": Array [],
          "name": "Saturday",
          "today": false,
        },
        Object {
          "day": 18,
          "events": Array [],
          "name": "Sunday",
          "today": false,
        },
        Object {
          "day": 19,
          "events": Array [],
          "name": "Monday",
          "today": false,
        },
        Object {
          "day": 20,
          "events": Array [],
          "name": "Tuesday",
          "today": false,
        },
        Object {
          "day": 21,
          "events": Array [],
          "name": "Wednesday",
          "today": false,
        },
        Object {
          "day": 22,
          "events": Array [],
          "name": "Thursday",
          "today": false,
        },
        Object {
          "day": 23,
          "events": Array [],
          "name": "Friday",
          "today": false,
        },
        Object {
          "day": 24,
          "events": Array [],
          "name": "Saturday",
          "today": false,
        },
        Object {
          "day": 25,
          "events": Array [],
          "name": "Sunday",
          "today": false,
        },
        Object {
          "day": 26,
          "events": Array [],
          "name": "Monday",
          "today": false,
        },
        Object {
          "day": 27,
          "events": Array [],
          "name": "Tuesday",
          "today": false,
        },
        Object {
          "day": 28,
          "events": Array [],
          "name": "Wednesday",
          "today": false,
        },
      ],
      "month": 2,
      "name": "February",
      "totalDays": 28,
      "totalWeeks": 5,
      "year": 2018,
    },
    "next": Object {
      "days": Array [
        Object {
          "day": 1,
          "events": Array [],
          "name": "Thursday",
          "offset": true,
        },
        Object {
          "day": 2,
          "events": Array [],
          "name": "Friday",
          "offset": true,
        },
        Object {
          "day": 3,
          "events": Array [],
          "name": "Saturday",
          "offset": true,
        },
        Object {
          "day": 4,
          "events": Array [],
          "name": "Sunday",
          "offset": true,
        },
        Object {
          "day": 5,
          "events": Array [],
          "name": "Monday",
          "offset": true,
        },
        Object {
          "day": 6,
          "events": Array [],
          "name": "Tuesday",
          "offset": true,
        },
        Object {
          "day": 7,
          "events": Array [],
          "name": "Wednesday",
          "offset": true,
        },
        Object {
          "day": 8,
          "events": Array [],
          "name": "Thursday",
          "offset": true,
        },
        Object {
          "day": 9,
          "events": Array [],
          "name": "Friday",
          "offset": true,
        },
        Object {
          "day": 10,
          "events": Array [],
          "name": "Saturday",
          "offset": true,
        },
        Object {
          "day": 11,
          "events": Array [],
          "name": "Sunday",
          "offset": true,
        },
      ],
      "month": 3,
      "name": "March",
      "totalOffsetDays": 11,
      "year": 2018,
    },
    "prev": Object {
      "days": Array [
        Object {
          "day": 29,
          "events": Array [],
          "name": "Monday",
          "offset": true,
        },
        Object {
          "day": 30,
          "events": Array [],
          "name": "Tuesday",
          "offset": true,
        },
        Object {
          "day": 31,
          "events": Array [],
          "name": "Wednesday",
          "offset": true,
        },
      ],
      "month": 1,
      "name": "January",
      "totalOffsetDays": 3,
      "year": 2018,
    },
  },
  Object {
    "current": Object {
      "days": Array [
        Object {
          "day": 1,
          "events": Array [],
          "name": "Thursday",
          "today": false,
        },
        Object {
          "day": 2,
          "events": Array [],
          "name": "Friday",
          "today": false,
        },
        Object {
          "day": 3,
          "events": Array [],
          "name": "Saturday",
          "today": false,
        },
        Object {
          "day": 4,
          "events": Array [],
          "name": "Sunday",
          "today": false,
        },
        Object {
          "day": 5,
          "events": Array [],
          "name": "Monday",
          "today": false,
        },
        Object {
          "day": 6,
          "events": Array [],
          "name": "Tuesday",
          "today": false,
        },
        Object {
          "day": 7,
          "events": Array [],
          "name": "Wednesday",
          "today": false,
        },
        Object {
          "day": 8,
          "events": Array [],
          "name": "Thursday",
          "today": false,
        },
        Object {
          "day": 9,
          "events": Array [],
          "name": "Friday",
          "today": false,
        },
        Object {
          "day": 10,
          "events": Array [],
          "name": "Saturday",
          "today": false,
        },
        Object {
          "day": 11,
          "events": Array [],
          "name": "Sunday",
          "today": false,
        },
        Object {
          "day": 12,
          "events": Array [],
          "name": "Monday",
          "today": false,
        },
        Object {
          "day": 13,
          "events": Array [],
          "name": "Tuesday",
          "today": false,
        },
        Object {
          "day": 14,
          "events": Array [],
          "name": "Wednesday",
          "today": false,
        },
        Object {
          "day": 15,
          "events": Array [],
          "name": "Thursday",
          "today": false,
        },
        Object {
          "day": 16,
          "events": Array [],
          "name": "Friday",
          "today": false,
        },
        Object {
          "day": 17,
          "events": Array [],
          "name": "Saturday",
          "today": false,
        },
        Object {
          "day": 18,
          "events": Array [],
          "name": "Sunday",
          "today": false,
        },
        Object {
          "day": 19,
          "events": Array [],
          "name": "Monday",
          "today": false,
        },
        Object {
          "day": 20,
          "events": Array [],
          "name": "Tuesday",
          "today": false,
        },
        Object {
          "day": 21,
          "events": Array [],
          "name": "Wednesday",
          "today": false,
        },
        Object {
          "day": 22,
          "events": Array [],
          "name": "Thursday",
          "today": false,
        },
        Object {
          "day": 23,
          "events": Array [],
          "name": "Friday",
          "today": false,
        },
        Object {
          "day": 24,
          "events": Array [],
          "name": "Saturday",
          "today": false,
        },
        Object {
          "day": 25,
          "events": Array [],
          "name": "Sunday",
          "today": false,
        },
        Object {
          "day": 26,
          "events": Array [],
          "name": "Monday",
          "today": false,
        },
        Object {
          "day": 27,
          "events": Array [],
          "name": "Tuesday",
          "today": false,
        },
        Object {
          "day": 28,
          "events": Array [],
          "name": "Wednesday",
          "today": false,
        },
        Object {
          "day": 29,
          "events": Array [],
          "name": "Thursday",
          "today": false,
        },
        Object {
          "day": 30,
          "events": Array [],
          "name": "Friday",
          "today": false,
        },
        Object {
          "day": 31,
          "events": Array [],
          "name": "Saturday",
          "today": false,
        },
      ],
      "month": 3,
      "name": "March",
      "totalDays": 31,
      "totalWeeks": 5,
      "year": 2018,
    },
    "next": Object {
      "days": Array [
        Object {
          "day": 1,
          "events": Array [],
          "name": "Sunday",
          "offset": true,
        },
        Object {
          "day": 2,
          "events": Array [],
          "name": "Monday",
          "offset": true,
        },
        Object {
          "day": 3,
          "events": Array [],
          "name": "Tuesday",
          "offset": true,
        },
        Object {
          "day": 4,
          "events": Array [],
          "name": "Wednesday",
          "offset": true,
        },
        Object {
          "day": 5,
          "events": Array [],
          "name": "Thursday",
          "offset": true,
        },
        Object {
          "day": 6,
          "events": Array [],
          "name": "Friday",
          "offset": true,
        },
        Object {
          "day": 7,
          "events": Array [],
          "name": "Saturday",
          "offset": true,
        },
        Object {
          "day": 8,
          "events": Array [],
          "name": "Sunday",
          "offset": true,
        },
      ],
      "month": 4,
      "name": "April",
      "totalOffsetDays": 8,
      "year": 2018,
    },
    "prev": Object {
      "days": Array [
        Object {
          "day": 26,
          "events": Array [],
          "name": "Monday",
          "offset": true,
        },
        Object {
          "day": 27,
          "events": Array [],
          "name": "Tuesday",
          "offset": true,
        },
        Object {
          "day": 28,
          "events": Array [],
          "name": "Wednesday",
          "offset": true,
        },
      ],
      "month": 2,
      "name": "February",
      "totalOffsetDays": 3,
      "year": 2018,
    },
  },
  Object {
    "current": Object {
      "days": Array [
        Object {
          "day": 1,
          "events": Array [],
          "name": "Sunday",
          "today": false,
        },
        Object {
          "day": 2,
          "events": Array [],
          "name": "Monday",
          "today": false,
        },
        Object {
          "day": 3,
          "events": Array [],
          "name": "Tuesday",
          "today": false,
        },
        Object {
          "day": 4,
          "events": Array [],
          "name": "Wednesday",
          "today": false,
        },
        Object {
          "day": 5,
          "events": Array [],
          "name": "Thursday",
          "today": false,
        },
        Object {
          "day": 6,
          "events": Array [],
          "name": "Friday",
          "today": false,
        },
        Object {
          "day": 7,
          "events": Array [],
          "name": "Saturday",
          "today": false,
        },
        Object {
          "day": 8,
          "events": Array [],
          "name": "Sunday",
          "today": false,
        },
        Object {
          "day": 9,
          "events": Array [],
          "name": "Monday",
          "today": false,
        },
        Object {
          "day": 10,
          "events": Array [],
          "name": "Tuesday",
          "today": false,
        },
        Object {
          "day": 11,
          "events": Array [],
          "name": "Wednesday",
          "today": false,
        },
        Object {
          "day": 12,
          "events": Array [],
          "name": "Thursday",
          "today": false,
        },
        Object {
          "day": 13,
          "events": Array [],
          "name": "Friday",
          "today": false,
        },
        Object {
          "day": 14,
          "events": Array [],
          "name": "Saturday",
          "today": false,
        },
        Object {
          "day": 15,
          "events": Array [],
          "name": "Sunday",
          "today": false,
        },
        Object {
          "day": 16,
          "events": Array [],
          "name": "Monday",
          "today": false,
        },
        Object {
          "day": 17,
          "events": Array [],
          "name": "Tuesday",
          "today": false,
        },
        Object {
          "day": 18,
          "events": Array [],
          "name": "Wednesday",
          "today": false,
        },
        Object {
          "day": 19,
          "events": Array [],
          "name": "Thursday",
          "today": false,
        },
        Object {
          "day": 20,
          "events": Array [],
          "name": "Friday",
          "today": false,
        },
        Object {
          "day": 21,
          "events": Array [],
          "name": "Saturday",
          "today": false,
        },
        Object {
          "day": 22,
          "events": Array [],
          "name": "Sunday",
          "today": false,
        },
        Object {
          "day": 23,
          "events": Array [],
          "name": "Monday",
          "today": false,
        },
        Object {
          "day": 24,
          "events": Array [],
          "name": "Tuesday",
          "today": false,
        },
        Object {
          "day": 25,
          "events": Array [],
          "name": "Wednesday",
          "today": false,
        },
        Object {
          "day": 26,
          "events": Array [],
          "name": "Thursday",
          "today": false,
        },
        Object {
          "day": 27,
          "events": Array [],
          "name": "Friday",
          "today": false,
        },
        Object {
          "day": 28,
          "events": Array [],
          "name": "Saturday",
          "today": false,
        },
        Object {
          "day": 29,
          "events": Array [],
          "name": "Sunday",
          "today": false,
        },
        Object {
          "day": 30,
          "events": Array [],
          "name": "Monday",
          "today": false,
        },
      ],
      "month": 4,
      "name": "April",
      "totalDays": 30,
      "totalWeeks": 5,
      "year": 2018,
    },
    "next": Object {
      "days": Array [
        Object {
          "day": 1,
          "events": Array [],
          "name": "Tuesday",
          "offset": true,
        },
        Object {
          "day": 2,
          "events": Array [],
          "name": "Wednesday",
          "offset": true,
        },
        Object {
          "day": 3,
          "events": Array [],
          "name": "Thursday",
          "offset": true,
        },
        Object {
          "day": 4,
          "events": Array [],
          "name": "Friday",
          "offset": true,
        },
        Object {
          "day": 5,
          "events": Array [],
          "name": "Saturday",
          "offset": true,
        },
        Object {
          "day": 6,
          "events": Array [],
          "name": "Sunday",
          "offset": true,
        },
      ],
      "month": 5,
      "name": "May",
      "totalOffsetDays": 6,
      "year": 2018,
    },
    "prev": Object {
      "days": Array [
        Object {
          "day": 26,
          "events": Array [],
          "name": "Monday",
          "offset": true,
        },
        Object {
          "day": 27,
          "events": Array [],
          "name": "Tuesday",
          "offset": true,
        },
        Object {
          "day": 28,
          "events": Array [],
          "name": "Wednesday",
          "offset": true,
        },
        Object {
          "day": 29,
          "events": Array [],
          "name": "Thursday",
          "offset": true,
        },
        Object {
          "day": 30,
          "events": Array [],
          "name": "Friday",
          "offset": true,
        },
        Object {
          "day": 31,
          "events": Array [],
          "name": "Saturday",
          "offset": true,
        },
      ],
      "month": 3,
      "name": "March",
      "totalOffsetDays": 6,
      "year": 2018,
    },
  },
  Object {
    "current": Object {
      "days": Array [
        Object {
          "day": 1,
          "events": Array [],
          "name": "Tuesday",
          "today": false,
        },
        Object {
          "day": 2,
          "events": Array [],
          "name": "Wednesday",
          "today": false,
        },
        Object {
          "day": 3,
          "events": Array [],
          "name": "Thursday",
          "today": false,
        },
        Object {
          "day": 4,
          "events": Array [],
          "name": "Friday",
          "today": false,
        },
        Object {
          "day": 5,
          "events": Array [],
          "name": "Saturday",
          "today": false,
        },
        Object {
          "day": 6,
          "events": Array [],
          "name": "Sunday",
          "today": false,
        },
        Object {
          "day": 7,
          "events": Array [],
          "name": "Monday",
          "today": false,
        },
        Object {
          "day": 8,
          "events": Array [],
          "name": "Tuesday",
          "today": false,
        },
        Object {
          "day": 9,
          "events": Array [],
          "name": "Wednesday",
          "today": false,
        },
        Object {
          "day": 10,
          "events": Array [],
          "name": "Thursday",
          "today": false,
        },
        Object {
          "day": 11,
          "events": Array [],
          "name": "Friday",
          "today": false,
        },
        Object {
          "day": 12,
          "events": Array [],
          "name": "Saturday",
          "today": false,
        },
        Object {
          "day": 13,
          "events": Array [],
          "name": "Sunday",
          "today": false,
        },
        Object {
          "day": 14,
          "events": Array [],
          "name": "Monday",
          "today": false,
        },
        Object {
          "day": 15,
          "events": Array [],
          "name": "Tuesday",
          "today": false,
        },
        Object {
          "day": 16,
          "events": Array [],
          "name": "Wednesday",
          "today": false,
        },
        Object {
          "day": 17,
          "events": Array [],
          "name": "Thursday",
          "today": false,
        },
        Object {
          "day": 18,
          "events": Array [],
          "name": "Friday",
          "today": false,
        },
        Object {
          "day": 19,
          "events": Array [],
          "name": "Saturday",
          "today": false,
        },
        Object {
          "day": 20,
          "events": Array [],
          "name": "Sunday",
          "today": false,
        },
        Object {
          "day": 21,
          "events": Array [],
          "name": "Monday",
          "today": false,
        },
        Object {
          "day": 22,
          "events": Array [],
          "name": "Tuesday",
          "today": false,
        },
        Object {
          "day": 23,
          "events": Array [],
          "name": "Wednesday",
          "today": false,
        },
        Object {
          "day": 24,
          "events": Array [],
          "name": "Thursday",
          "today": false,
        },
        Object {
          "day": 25,
          "events": Array [],
          "name": "Friday",
          "today": false,
        },
        Object {
          "day": 26,
          "events": Array [],
          "name": "Saturday",
          "today": false,
        },
        Object {
          "day": 27,
          "events": Array [],
          "name": "Sunday",
          "today": false,
        },
        Object {
          "day": 28,
          "events": Array [],
          "name": "Monday",
          "today": false,
        },
        Object {
          "day": 29,
          "events": Array [],
          "name": "Tuesday",
          "today": false,
        },
        Object {
          "day": 30,
          "events": Array [],
          "name": "Wednesday",
          "today": false,
        },
        Object {
          "day": 31,
          "events": Array [],
          "name": "Thursday",
          "today": false,
        },
      ],
      "month": 5,
      "name": "May",
      "totalDays": 31,
      "totalWeeks": 5,
      "year": 2018,
    },
    "next": Object {
      "days": Array [
        Object {
          "day": 1,
          "events": Array [],
          "name": "Friday",
          "offset": true,
        },
        Object {
          "day": 2,
          "events": Array [],
          "name": "Saturday",
          "offset": true,
        },
        Object {
          "day": 3,
          "events": Array [],
          "name": "Sunday",
          "offset": true,
        },
        Object {
          "day": 4,
          "events": Array [],
          "name": "Monday",
          "offset": true,
        },
        Object {
          "day": 5,
          "events": Array [],
          "name": "Tuesday",
          "offset": true,
        },
        Object {
          "day": 6,
          "events": Array [],
          "name": "Wednesday",
          "offset": true,
        },
        Object {
          "day": 7,
          "events": Array [],
          "name": "Thursday",
          "offset": true,
        },
        Object {
          "day": 8,
          "events": Array [],
          "name": "Friday",
          "offset": true,
        },
        Object {
          "day": 9,
          "events": Array [],
          "name": "Saturday",
          "offset": true,
        },
        Object {
          "day": 10,
          "events": Array [],
          "name": "Sunday",
          "offset": true,
        },
      ],
      "month": 6,
      "name": "June",
      "totalOffsetDays": 10,
      "year": 2018,
    },
    "prev": Object {
      "days": Array [
        Object {
          "day": 30,
          "events": Array [],
          "name": "Monday",
          "offset": true,
        },
      ],
      "month": 4,
      "name": "April",
      "totalOffsetDays": 1,
      "year": 2018,
    },
  },
  Object {
    "current": Object {
      "days": Array [
        Object {
          "day": 1,
          "events": Array [],
          "name": "Friday",
          "today": false,
        },
        Object {
          "day": 2,
          "events": Array [],
          "name": "Saturday",
          "today": false,
        },
        Object {
          "day": 3,
          "events": Array [],
          "name": "Sunday",
          "today": false,
        },
        Object {
          "day": 4,
          "events": Array [],
          "name": "Monday",
          "today": false,
        },
        Object {
          "day": 5,
          "events": Array [],
          "name": "Tuesday",
          "today": false,
        },
        Object {
          "day": 6,
          "events": Array [],
          "name": "Wednesday",
          "today": false,
        },
        Object {
          "day": 7,
          "events": Array [],
          "name": "Thursday",
          "today": false,
        },
        Object {
          "day": 8,
          "events": Array [],
          "name": "Friday",
          "today": false,
        },
        Object {
          "day": 9,
          "events": Array [],
          "name": "Saturday",
          "today": false,
        },
        Object {
          "day": 10,
          "events": Array [],
          "name": "Sunday",
          "today": false,
        },
        Object {
          "day": 11,
          "events": Array [],
          "name": "Monday",
          "today": false,
        },
        Object {
          "day": 12,
          "events": Array [],
          "name": "Tuesday",
          "today": false,
        },
        Object {
          "day": 13,
          "events": Array [],
          "name": "Wednesday",
          "today": false,
        },
        Object {
          "day": 14,
          "events": Array [],
          "name": "Thursday",
          "today": false,
        },
        Object {
          "day": 15,
          "events": Array [],
          "name": "Friday",
          "today": false,
        },
        Object {
          "day": 16,
          "events": Array [],
          "name": "Saturday",
          "today": false,
        },
        Object {
          "day": 17,
          "events": Array [],
          "name": "Sunday",
          "today": false,
        },
        Object {
          "day": 18,
          "events": Array [],
          "name": "Monday",
          "today": false,
        },
        Object {
          "day": 19,
          "events": Array [],
          "name": "Tuesday",
          "today": false,
        },
        Object {
          "day": 20,
          "events": Array [],
          "name": "Wednesday",
          "today": false,
        },
        Object {
          "day": 21,
          "events": Array [],
          "name": "Thursday",
          "today": false,
        },
        Object {
          "day": 22,
          "events": Array [],
          "name": "Friday",
          "today": false,
        },
        Object {
          "day": 23,
          "events": Array [],
          "name": "Saturday",
          "today": false,
        },
        Object {
          "day": 24,
          "events": Array [],
          "name": "Sunday",
          "today": false,
        },
        Object {
          "day": 25,
          "events": Array [],
          "name": "Monday",
          "today": false,
        },
        Object {
          "day": 26,
          "events": Array [],
          "name": "Tuesday",
          "today": false,
        },
        Object {
          "day": 27,
          "events": Array [],
          "name": "Wednesday",
          "today": false,
        },
        Object {
          "day": 28,
          "events": Array [],
          "name": "Thursday",
          "today": false,
        },
        Object {
          "day": 29,
          "events": Array [],
          "name": "Friday",
          "today": false,
        },
        Object {
          "day": 30,
          "events": Array [],
          "name": "Saturday",
          "today": false,
        },
      ],
      "month": 6,
      "name": "June",
      "totalDays": 30,
      "totalWeeks": 5,
      "year": 2018,
    },
    "next": Object {
      "days": Array [
        Object {
          "day": 1,
          "events": Array [],
          "name": "Sunday",
          "offset": true,
        },
        Object {
          "day": 2,
          "events": Array [],
          "name": "Monday",
          "offset": true,
        },
        Object {
          "day": 3,
          "events": Array [],
          "name": "Tuesday",
          "offset": true,
        },
        Object {
          "day": 4,
          "events": Array [],
          "name": "Wednesday",
          "offset": true,
        },
        Object {
          "day": 5,
          "events": Array [],
          "name": "Thursday",
          "offset": true,
        },
        Object {
          "day": 6,
          "events": Array [],
          "name": "Friday",
          "offset": true,
        },
        Object {
          "day": 7,
          "events": Array [],
          "name": "Saturday",
          "offset": true,
        },
        Object {
          "day": 8,
          "events": Array [],
          "name": "Sunday",
          "offset": true,
        },
      ],
      "month": 7,
      "name": "July",
      "totalOffsetDays": 8,
      "year": 2018,
    },
    "prev": Object {
      "days": Array [
        Object {
          "day": 28,
          "events": Array [],
          "name": "Monday",
          "offset": true,
        },
        Object {
          "day": 29,
          "events": Array [],
          "name": "Tuesday",
          "offset": true,
        },
        Object {
          "day": 30,
          "events": Array [],
          "name": "Wednesday",
          "offset": true,
        },
        Object {
          "day": 31,
          "events": Array [],
          "name": "Thursday",
          "offset": true,
        },
      ],
      "month": 5,
      "name": "May",
      "totalOffsetDays": 4,
      "year": 2018,
    },
  },
  Object {
    "current": Object {
      "days": Array [
        Object {
          "day": 1,
          "events": Array [],
          "name": "Sunday",
          "today": false,
        },
        Object {
          "day": 2,
          "events": Array [],
          "name": "Monday",
          "today": false,
        },
        Object {
          "day": 3,
          "events": Array [],
          "name": "Tuesday",
          "today": false,
        },
        Object {
          "day": 4,
          "events": Array [],
          "name": "Wednesday",
          "today": false,
        },
        Object {
          "day": 5,
          "events": Array [],
          "name": "Thursday",
          "today": false,
        },
        Object {
          "day": 6,
          "events": Array [],
          "name": "Friday",
          "today": false,
        },
        Object {
          "day": 7,
          "events": Array [],
          "name": "Saturday",
          "today": false,
        },
        Object {
          "day": 8,
          "events": Array [],
          "name": "Sunday",
          "today": false,
        },
        Object {
          "day": 9,
          "events": Array [],
          "name": "Monday",
          "today": false,
        },
        Object {
          "day": 10,
          "events": Array [],
          "name": "Tuesday",
          "today": false,
        },
        Object {
          "day": 11,
          "events": Array [],
          "name": "Wednesday",
          "today": false,
        },
        Object {
          "day": 12,
          "events": Array [],
          "name": "Thursday",
          "today": false,
        },
        Object {
          "day": 13,
          "events": Array [],
          "name": "Friday",
          "today": false,
        },
        Object {
          "day": 14,
          "events": Array [],
          "name": "Saturday",
          "today": false,
        },
        Object {
          "day": 15,
          "events": Array [],
          "name": "Sunday",
          "today": false,
        },
        Object {
          "day": 16,
          "events": Array [],
          "name": "Monday",
          "today": false,
        },
        Object {
          "day": 17,
          "events": Array [],
          "name": "Tuesday",
          "today": false,
        },
        Object {
          "day": 18,
          "events": Array [],
          "name": "Wednesday",
          "today": false,
        },
        Object {
          "day": 19,
          "events": Array [],
          "name": "Thursday",
          "today": false,
        },
        Object {
          "day": 20,
          "events": Array [],
          "name": "Friday",
          "today": false,
        },
        Object {
          "day": 21,
          "events": Array [],
          "name": "Saturday",
          "today": false,
        },
        Object {
          "day": 22,
          "events": Array [],
          "name": "Sunday",
          "today": false,
        },
        Object {
          "day": 23,
          "events": Array [],
          "name": "Monday",
          "today": false,
        },
        Object {
          "day": 24,
          "events": Array [],
          "name": "Tuesday",
          "today": false,
        },
        Object {
          "day": 25,
          "events": Array [],
          "name": "Wednesday",
          "today": false,
        },
        Object {
          "day": 26,
          "events": Array [],
          "name": "Thursday",
          "today": false,
        },
        Object {
          "day": 27,
          "events": Array [],
          "name": "Friday",
          "today": false,
        },
        Object {
          "day": 28,
          "events": Array [],
          "name": "Saturday",
          "today": false,
        },
        Object {
          "day": 29,
          "events": Array [],
          "name": "Sunday",
          "today": false,
        },
        Object {
          "day": 30,
          "events": Array [],
          "name": "Monday",
          "today": false,
        },
        Object {
          "day": 31,
          "events": Array [],
          "name": "Tuesday",
          "today": false,
        },
      ],
      "month": 7,
      "name": "July",
      "totalDays": 31,
      "totalWeeks": 5,
      "year": 2018,
    },
    "next": Object {
      "days": Array [
        Object {
          "day": 1,
          "events": Array [],
          "name": "Wednesday",
          "offset": true,
        },
        Object {
          "day": 2,
          "events": Array [],
          "name": "Thursday",
          "offset": true,
        },
        Object {
          "day": 3,
          "events": Array [],
          "name": "Friday",
          "offset": true,
        },
        Object {
          "day": 4,
          "events": Array [],
          "name": "Saturday",
          "offset": true,
        },
        Object {
          "day": 5,
          "events": Array [],
          "name": "Sunday",
          "offset": true,
        },
      ],
      "month": 8,
      "name": "August",
      "totalOffsetDays": 5,
      "year": 2018,
    },
    "prev": Object {
      "days": Array [
        Object {
          "day": 25,
          "events": Array [],
          "name": "Monday",
          "offset": true,
        },
        Object {
          "day": 26,
          "events": Array [],
          "name": "Tuesday",
          "offset": true,
        },
        Object {
          "day": 27,
          "events": Array [],
          "name": "Wednesday",
          "offset": true,
        },
        Object {
          "day": 28,
          "events": Array [],
          "name": "Thursday",
          "offset": true,
        },
        Object {
          "day": 29,
          "events": Array [],
          "name": "Friday",
          "offset": true,
        },
        Object {
          "day": 30,
          "events": Array [],
          "name": "Saturday",
          "offset": true,
        },
      ],
      "month": 6,
      "name": "June",
      "totalOffsetDays": 6,
      "year": 2018,
    },
  },
  Object {
    "current": Object {
      "days": Array [
        Object {
          "day": 1,
          "events": Array [],
          "name": "Wednesday",
          "today": false,
        },
        Object {
          "day": 2,
          "events": Array [],
          "name": "Thursday",
          "today": false,
        },
        Object {
          "day": 3,
          "events": Array [],
          "name": "Friday",
          "today": false,
        },
        Object {
          "day": 4,
          "events": Array [],
          "name": "Saturday",
          "today": false,
        },
        Object {
          "day": 5,
          "events": Array [],
          "name": "Sunday",
          "today": false,
        },
        Object {
          "day": 6,
          "events": Array [],
          "name": "Monday",
          "today": false,
        },
        Object {
          "day": 7,
          "events": Array [],
          "name": "Tuesday",
          "today": false,
        },
        Object {
          "day": 8,
          "events": Array [],
          "name": "Wednesday",
          "today": false,
        },
        Object {
          "day": 9,
          "events": Array [],
          "name": "Thursday",
          "today": false,
        },
        Object {
          "day": 10,
          "events": Array [],
          "name": "Friday",
          "today": false,
        },
        Object {
          "day": 11,
          "events": Array [],
          "name": "Saturday",
          "today": false,
        },
        Object {
          "day": 12,
          "events": Array [],
          "name": "Sunday",
          "today": false,
        },
        Object {
          "day": 13,
          "events": Array [],
          "name": "Monday",
          "today": false,
        },
        Object {
          "day": 14,
          "events": Array [],
          "name": "Tuesday",
          "today": false,
        },
        Object {
          "day": 15,
          "events": Array [],
          "name": "Wednesday",
          "today": false,
        },
        Object {
          "day": 16,
          "events": Array [],
          "name": "Thursday",
          "today": false,
        },
        Object {
          "day": 17,
          "events": Array [],
          "name": "Friday",
          "today": false,
        },
        Object {
          "day": 18,
          "events": Array [],
          "name": "Saturday",
          "today": false,
        },
        Object {
          "day": 19,
          "events": Array [],
          "name": "Sunday",
          "today": false,
        },
        Object {
          "day": 20,
          "events": Array [],
          "name": "Monday",
          "today": false,
        },
        Object {
          "day": 21,
          "events": Array [],
          "name": "Tuesday",
          "today": false,
        },
        Object {
          "day": 22,
          "events": Array [],
          "name": "Wednesday",
          "today": false,
        },
        Object {
          "day": 23,
          "events": Array [],
          "name": "Thursday",
          "today": false,
        },
        Object {
          "day": 24,
          "events": Array [],
          "name": "Friday",
          "today": false,
        },
        Object {
          "day": 25,
          "events": Array [],
          "name": "Saturday",
          "today": false,
        },
        Object {
          "day": 26,
          "events": Array [],
          "name": "Sunday",
          "today": false,
        },
        Object {
          "day": 27,
          "events": Array [],
          "name": "Monday",
          "today": false,
        },
        Object {
          "day": 28,
          "events": Array [],
          "name": "Tuesday",
          "today": false,
        },
        Object {
          "day": 29,
          "events": Array [],
          "name": "Wednesday",
          "today": false,
        },
        Object {
          "day": 30,
          "events": Array [],
          "name": "Thursday",
          "today": false,
        },
        Object {
          "day": 31,
          "events": Array [],
          "name": "Friday",
          "today": false,
        },
      ],
      "month": 8,
      "name": "August",
      "totalDays": 31,
      "totalWeeks": 5,
      "year": 2018,
    },
    "next": Object {
      "days": Array [
        Object {
          "day": 1,
          "events": Array [],
          "name": "Saturday",
          "offset": true,
        },
        Object {
          "day": 2,
          "events": Array [],
          "name": "Sunday",
          "offset": true,
        },
        Object {
          "day": 3,
          "events": Array [],
          "name": "Monday",
          "offset": true,
        },
        Object {
          "day": 4,
          "events": Array [],
          "name": "Tuesday",
          "offset": true,
        },
        Object {
          "day": 5,
          "events": Array [],
          "name": "Wednesday",
          "offset": true,
        },
        Object {
          "day": 6,
          "events": Array [],
          "name": "Thursday",
          "offset": true,
        },
        Object {
          "day": 7,
          "events": Array [],
          "name": "Friday",
          "offset": true,
        },
        Object {
          "day": 8,
          "events": Array [],
          "name": "Saturday",
          "offset": true,
        },
        Object {
          "day": 9,
          "events": Array [],
          "name": "Sunday",
          "offset": true,
        },
      ],
      "month": 9,
      "name": "September",
      "totalOffsetDays": 9,
      "year": 2018,
    },
    "prev": Object {
      "days": Array [
        Object {
          "day": 30,
          "events": Array [],
          "name": "Monday",
          "offset": true,
        },
        Object {
          "day": 31,
          "events": Array [],
          "name": "Tuesday",
          "offset": true,
        },
      ],
      "month": 7,
      "name": "July",
      "totalOffsetDays": 2,
      "year": 2018,
    },
  },
  Object {
    "current": Object {
      "days": Array [
        Object {
          "day": 1,
          "events": Array [],
          "name": "Saturday",
          "today": false,
        },
        Object {
          "day": 2,
          "events": Array [],
          "name": "Sunday",
          "today": false,
        },
        Object {
          "day": 3,
          "events": Array [],
          "name": "Monday",
          "today": false,
        },
        Object {
          "day": 4,
          "events": Array [],
          "name": "Tuesday",
          "today": false,
        },
        Object {
          "day": 5,
          "events": Array [],
          "name": "Wednesday",
          "today": false,
        },
        Object {
          "day": 6,
          "events": Array [],
          "name": "Thursday",
          "today": false,
        },
        Object {
          "day": 7,
          "events": Array [
            Object {
              "calendar": "Reminders",
              "color": "#b342f4",
              "createdBy": "Username",
              "id": 123,
              "location": "location address",
              "starts": 2018-09-07T09:50:47.083Z,
              "title": "make that soup already!",
            },
          ],
          "name": "Friday",
          "today": false,
        },
        Object {
          "day": 8,
          "events": Array [],
          "name": "Saturday",
          "today": false,
        },
        Object {
          "day": 9,
          "events": Array [],
          "name": "Sunday",
          "today": false,
        },
        Object {
          "day": 10,
          "events": Array [],
          "name": "Monday",
          "today": false,
        },
        Object {
          "day": 11,
          "events": Array [],
          "name": "Tuesday",
          "today": false,
        },
        Object {
          "day": 12,
          "events": Array [],
          "name": "Wednesday",
          "today": false,
        },
        Object {
          "day": 13,
          "events": Array [],
          "name": "Thursday",
          "today": false,
        },
        Object {
          "day": 14,
          "events": Array [],
          "name": "Friday",
          "today": false,
        },
        Object {
          "day": 15,
          "events": Array [],
          "name": "Saturday",
          "today": false,
        },
        Object {
          "day": 16,
          "events": Array [],
          "name": "Sunday",
          "today": false,
        },
        Object {
          "day": 17,
          "events": Array [],
          "name": "Monday",
          "today": false,
        },
        Object {
          "day": 18,
          "events": Array [],
          "name": "Tuesday",
          "today": false,
        },
        Object {
          "day": 19,
          "events": Array [],
          "name": "Wednesday",
          "today": false,
        },
        Object {
          "day": 20,
          "events": Array [],
          "name": "Thursday",
          "today": false,
        },
        Object {
          "day": 21,
          "events": Array [],
          "name": "Friday",
          "today": false,
        },
        Object {
          "day": 22,
          "events": Array [],
          "name": "Saturday",
          "today": false,
        },
        Object {
          "day": 23,
          "events": Array [],
          "name": "Sunday",
          "today": false,
        },
        Object {
          "day": 24,
          "events": Array [],
          "name": "Monday",
          "today": false,
        },
        Object {
          "day": 25,
          "events": Array [],
          "name": "Tuesday",
          "today": false,
        },
        Object {
          "day": 26,
          "events": Array [],
          "name": "Wednesday",
          "today": false,
        },
        Object {
          "day": 27,
          "events": Array [],
          "name": "Thursday",
          "today": false,
        },
        Object {
          "day": 28,
          "events": Array [],
          "name": "Friday",
          "today": false,
        },
        Object {
          "day": 29,
          "events": Array [],
          "name": "Saturday",
          "today": false,
        },
        Object {
          "day": 30,
          "events": Array [],
          "name": "Sunday",
          "today": false,
        },
      ],
      "month": 9,
      "name": "September",
      "totalDays": 30,
      "totalWeeks": 6,
      "year": 2018,
    },
    "next": Object {
      "days": Array [
        Object {
          "day": 1,
          "events": Array [],
          "name": "Monday",
          "offset": true,
        },
        Object {
          "day": 2,
          "events": Array [],
          "name": "Tuesday",
          "offset": true,
        },
        Object {
          "day": 3,
          "events": Array [],
          "name": "Wednesday",
          "offset": true,
        },
        Object {
          "day": 4,
          "events": Array [],
          "name": "Thursday",
          "offset": true,
        },
        Object {
          "day": 5,
          "events": Array [],
          "name": "Friday",
          "offset": true,
        },
        Object {
          "day": 6,
          "events": Array [],
          "name": "Saturday",
          "offset": true,
        },
        Object {
          "day": 7,
          "events": Array [],
          "name": "Sunday",
          "offset": true,
        },
      ],
      "month": 10,
      "name": "October",
      "totalOffsetDays": 7,
      "year": 2018,
    },
    "prev": Object {
      "days": Array [
        Object {
          "day": 27,
          "events": Array [],
          "name": "Monday",
          "offset": true,
        },
        Object {
          "day": 28,
          "events": Array [],
          "name": "Tuesday",
          "offset": true,
        },
        Object {
          "day": 29,
          "events": Array [],
          "name": "Wednesday",
          "offset": true,
        },
        Object {
          "day": 30,
          "events": Array [],
          "name": "Thursday",
          "offset": true,
        },
        Object {
          "day": 31,
          "events": Array [],
          "name": "Friday",
          "offset": true,
        },
      ],
      "month": 8,
      "name": "August",
      "totalOffsetDays": 5,
      "year": 2018,
    },
  },
  Object {
    "current": Object {
      "days": Array [
        Object {
          "day": 1,
          "events": Array [],
          "name": "Monday",
          "today": false,
        },
        Object {
          "day": 2,
          "events": Array [],
          "name": "Tuesday",
          "today": false,
        },
        Object {
          "day": 3,
          "events": Array [],
          "name": "Wednesday",
          "today": false,
        },
        Object {
          "day": 4,
          "events": Array [],
          "name": "Thursday",
          "today": false,
        },
        Object {
          "day": 5,
          "events": Array [],
          "name": "Friday",
          "today": false,
        },
        Object {
          "day": 6,
          "events": Array [],
          "name": "Saturday",
          "today": false,
        },
        Object {
          "day": 7,
          "events": Array [],
          "name": "Sunday",
          "today": false,
        },
        Object {
          "day": 8,
          "events": Array [],
          "name": "Monday",
          "today": false,
        },
        Object {
          "day": 9,
          "events": Array [],
          "name": "Tuesday",
          "today": false,
        },
        Object {
          "day": 10,
          "events": Array [],
          "name": "Wednesday",
          "today": false,
        },
        Object {
          "day": 11,
          "events": Array [],
          "name": "Thursday",
          "today": false,
        },
        Object {
          "day": 12,
          "events": Array [],
          "name": "Friday",
          "today": false,
        },
        Object {
          "day": 13,
          "events": Array [],
          "name": "Saturday",
          "today": false,
        },
        Object {
          "day": 14,
          "events": Array [],
          "name": "Sunday",
          "today": false,
        },
        Object {
          "day": 15,
          "events": Array [],
          "name": "Monday",
          "today": false,
        },
        Object {
          "day": 16,
          "events": Array [],
          "name": "Tuesday",
          "today": false,
        },
        Object {
          "day": 17,
          "events": Array [],
          "name": "Wednesday",
          "today": false,
        },
        Object {
          "day": 18,
          "events": Array [],
          "name": "Thursday",
          "today": false,
        },
        Object {
          "day": 19,
          "events": Array [],
          "name": "Friday",
          "today": false,
        },
        Object {
          "day": 20,
          "events": Array [],
          "name": "Saturday",
          "today": false,
        },
        Object {
          "day": 21,
          "events": Array [],
          "name": "Sunday",
          "today": false,
        },
        Object {
          "day": 22,
          "events": Array [],
          "name": "Monday",
          "today": false,
        },
        Object {
          "day": 23,
          "events": Array [],
          "name": "Tuesday",
          "today": false,
        },
        Object {
          "day": 24,
          "events": Array [],
          "name": "Wednesday",
          "today": false,
        },
        Object {
          "day": 25,
          "events": Array [],
          "name": "Thursday",
          "today": false,
        },
        Object {
          "day": 26,
          "events": Array [],
          "name": "Friday",
          "today": false,
        },
        Object {
          "day": 27,
          "events": Array [],
          "name": "Saturday",
          "today": false,
        },
        Object {
          "day": 28,
          "events": Array [],
          "name": "Sunday",
          "today": false,
        },
        Object {
          "day": 29,
          "events": Array [],
          "name": "Monday",
          "today": false,
        },
        Object {
          "day": 30,
          "events": Array [],
          "name": "Tuesday",
          "today": false,
        },
        Object {
          "day": 31,
          "events": Array [],
          "name": "Wednesday",
          "today": false,
        },
      ],
      "month": 10,
      "name": "October",
      "totalDays": 31,
      "totalWeeks": 5,
      "year": 2018,
    },
    "next": Object {
      "days": Array [
        Object {
          "day": 1,
          "events": Array [],
          "name": "Thursday",
          "offset": true,
        },
        Object {
          "day": 2,
          "events": Array [],
          "name": "Friday",
          "offset": true,
        },
        Object {
          "day": 3,
          "events": Array [],
          "name": "Saturday",
          "offset": true,
        },
        Object {
          "day": 4,
          "events": Array [],
          "name": "Sunday",
          "offset": true,
        },
        Object {
          "day": 5,
          "events": Array [],
          "name": "Monday",
          "offset": true,
        },
        Object {
          "day": 6,
          "events": Array [],
          "name": "Tuesday",
          "offset": true,
        },
        Object {
          "day": 7,
          "events": Array [],
          "name": "Wednesday",
          "offset": true,
        },
        Object {
          "day": 8,
          "events": Array [],
          "name": "Thursday",
          "offset": true,
        },
        Object {
          "day": 9,
          "events": Array [],
          "name": "Friday",
          "offset": true,
        },
        Object {
          "day": 10,
          "events": Array [],
          "name": "Saturday",
          "offset": true,
        },
        Object {
          "day": 11,
          "events": Array [],
          "name": "Sunday",
          "offset": true,
        },
      ],
      "month": 11,
      "name": "November",
      "totalOffsetDays": 11,
      "year": 2018,
    },
    "prev": Object {
      "days": Array [],
      "month": 9,
      "name": "September",
      "totalOffsetDays": 0,
      "year": 2018,
    },
  },
  Object {
    "current": Object {
      "days": Array [
        Object {
          "day": 1,
          "events": Array [],
          "name": "Thursday",
          "today": false,
        },
        Object {
          "day": 2,
          "events": Array [],
          "name": "Friday",
          "today": false,
        },
        Object {
          "day": 3,
          "events": Array [],
          "name": "Saturday",
          "today": false,
        },
        Object {
          "day": 4,
          "events": Array [],
          "name": "Sunday",
          "today": false,
        },
        Object {
          "day": 5,
          "events": Array [],
          "name": "Monday",
          "today": false,
        },
        Object {
          "day": 6,
          "events": Array [],
          "name": "Tuesday",
          "today": false,
        },
        Object {
          "day": 7,
          "events": Array [],
          "name": "Wednesday",
          "today": false,
        },
        Object {
          "day": 8,
          "events": Array [],
          "name": "Thursday",
          "today": false,
        },
        Object {
          "day": 9,
          "events": Array [],
          "name": "Friday",
          "today": false,
        },
        Object {
          "day": 10,
          "events": Array [],
          "name": "Saturday",
          "today": false,
        },
        Object {
          "day": 11,
          "events": Array [],
          "name": "Sunday",
          "today": false,
        },
        Object {
          "day": 12,
          "events": Array [],
          "name": "Monday",
          "today": false,
        },
        Object {
          "day": 13,
          "events": Array [],
          "name": "Tuesday",
          "today": false,
        },
        Object {
          "day": 14,
          "events": Array [],
          "name": "Wednesday",
          "today": false,
        },
        Object {
          "day": 15,
          "events": Array [],
          "name": "Thursday",
          "today": false,
        },
        Object {
          "day": 16,
          "events": Array [],
          "name": "Friday",
          "today": false,
        },
        Object {
          "day": 17,
          "events": Array [],
          "name": "Saturday",
          "today": false,
        },
        Object {
          "day": 18,
          "events": Array [],
          "name": "Sunday",
          "today": false,
        },
        Object {
          "day": 19,
          "events": Array [],
          "name": "Monday",
          "today": false,
        },
        Object {
          "day": 20,
          "events": Array [],
          "name": "Tuesday",
          "today": false,
        },
        Object {
          "day": 21,
          "events": Array [],
          "name": "Wednesday",
          "today": false,
        },
        Object {
          "day": 22,
          "events": Array [],
          "name": "Thursday",
          "today": false,
        },
        Object {
          "day": 23,
          "events": Array [],
          "name": "Friday",
          "today": false,
        },
        Object {
          "day": 24,
          "events": Array [],
          "name": "Saturday",
          "today": false,
        },
        Object {
          "day": 25,
          "events": Array [],
          "name": "Sunday",
          "today": false,
        },
        Object {
          "day": 26,
          "events": Array [],
          "name": "Monday",
          "today": false,
        },
        Object {
          "day": 27,
          "events": Array [],
          "name": "Tuesday",
          "today": false,
        },
        Object {
          "day": 28,
          "events": Array [],
          "name": "Wednesday",
          "today": false,
        },
        Object {
          "day": 29,
          "events": Array [],
          "name": "Thursday",
          "today": false,
        },
        Object {
          "day": 30,
          "events": Array [],
          "name": "Friday",
          "today": false,
        },
      ],
      "month": 11,
      "name": "November",
      "totalDays": 30,
      "totalWeeks": 5,
      "year": 2018,
    },
    "next": Object {
      "days": Array [
        Object {
          "day": 1,
          "events": Array [],
          "name": "Saturday",
          "offset": true,
        },
        Object {
          "day": 2,
          "events": Array [],
          "name": "Sunday",
          "offset": true,
        },
        Object {
          "day": 3,
          "events": Array [],
          "name": "Monday",
          "offset": true,
        },
        Object {
          "day": 4,
          "events": Array [],
          "name": "Tuesday",
          "offset": true,
        },
        Object {
          "day": 5,
          "events": Array [],
          "name": "Wednesday",
          "offset": true,
        },
        Object {
          "day": 6,
          "events": Array [],
          "name": "Thursday",
          "offset": true,
        },
        Object {
          "day": 7,
          "events": Array [],
          "name": "Friday",
          "offset": true,
        },
        Object {
          "day": 8,
          "events": Array [],
          "name": "Saturday",
          "offset": true,
        },
        Object {
          "day": 9,
          "events": Array [],
          "name": "Sunday",
          "offset": true,
        },
      ],
      "month": 12,
      "name": "December",
      "totalOffsetDays": 9,
      "year": 2018,
    },
    "prev": Object {
      "days": Array [
        Object {
          "day": 29,
          "events": Array [],
          "name": "Monday",
          "offset": true,
        },
        Object {
          "day": 30,
          "events": Array [],
          "name": "Tuesday",
          "offset": true,
        },
        Object {
          "day": 31,
          "events": Array [],
          "name": "Wednesday",
          "offset": true,
        },
      ],
      "month": 10,
      "name": "October",
      "totalOffsetDays": 3,
      "year": 2018,
    },
  },
  Object {
    "current": Object {
      "days": Array [
        Object {
          "day": 1,
          "events": Array [],
          "name": "Saturday",
          "today": false,
        },
        Object {
          "day": 2,
          "events": Array [],
          "name": "Sunday",
          "today": false,
        },
        Object {
          "day": 3,
          "events": Array [],
          "name": "Monday",
          "today": false,
        },
        Object {
          "day": 4,
          "events": Array [],
          "name": "Tuesday",
          "today": false,
        },
        Object {
          "day": 5,
          "events": Array [],
          "name": "Wednesday",
          "today": false,
        },
        Object {
          "day": 6,
          "events": Array [],
          "name": "Thursday",
          "today": false,
        },
        Object {
          "day": 7,
          "events": Array [],
          "name": "Friday",
          "today": false,
        },
        Object {
          "day": 8,
          "events": Array [],
          "name": "Saturday",
          "today": false,
        },
        Object {
          "day": 9,
          "events": Array [],
          "name": "Sunday",
          "today": false,
        },
        Object {
          "day": 10,
          "events": Array [],
          "name": "Monday",
          "today": false,
        },
        Object {
          "day": 11,
          "events": Array [],
          "name": "Tuesday",
          "today": false,
        },
        Object {
          "day": 12,
          "events": Array [],
          "name": "Wednesday",
          "today": false,
        },
        Object {
          "day": 13,
          "events": Array [],
          "name": "Thursday",
          "today": false,
        },
        Object {
          "day": 14,
          "events": Array [],
          "name": "Friday",
          "today": false,
        },
        Object {
          "day": 15,
          "events": Array [],
          "name": "Saturday",
          "today": false,
        },
        Object {
          "day": 16,
          "events": Array [],
          "name": "Sunday",
          "today": false,
        },
        Object {
          "day": 17,
          "events": Array [],
          "name": "Monday",
          "today": false,
        },
        Object {
          "day": 18,
          "events": Array [],
          "name": "Tuesday",
          "today": false,
        },
        Object {
          "day": 19,
          "events": Array [],
          "name": "Wednesday",
          "today": false,
        },
        Object {
          "day": 20,
          "events": Array [],
          "name": "Thursday",
          "today": false,
        },
        Object {
          "day": 21,
          "events": Array [],
          "name": "Friday",
          "today": false,
        },
        Object {
          "day": 22,
          "events": Array [],
          "name": "Saturday",
          "today": false,
        },
        Object {
          "day": 23,
          "events": Array [],
          "name": "Sunday",
          "today": false,
        },
        Object {
          "day": 24,
          "events": Array [],
          "name": "Monday",
          "today": false,
        },
        Object {
          "day": 25,
          "events": Array [],
          "name": "Tuesday",
          "today": false,
        },
        Object {
          "day": 26,
          "events": Array [],
          "name": "Wednesday",
          "today": false,
        },
        Object {
          "day": 27,
          "events": Array [],
          "name": "Thursday",
          "today": false,
        },
        Object {
          "day": 28,
          "events": Array [],
          "name": "Friday",
          "today": false,
        },
        Object {
          "day": 29,
          "events": Array [],
          "name": "Saturday",
          "today": false,
        },
        Object {
          "day": 30,
          "events": Array [],
          "name": "Sunday",
          "today": false,
        },
        Object {
          "day": 31,
          "events": Array [],
          "name": "Monday",
          "today": false,
        },
      ],
      "month": 12,
      "name": "December",
      "totalDays": 31,
      "totalWeeks": 6,
      "year": 2018,
    },
    "next": Object {
      "days": Array [
        Object {
          "day": 1,
          "events": Array [],
          "name": "Tuesday",
          "offset": true,
        },
        Object {
          "day": 2,
          "events": Array [],
          "name": "Wednesday",
          "offset": true,
        },
        Object {
          "day": 3,
          "events": Array [],
          "name": "Thursday",
          "offset": true,
        },
        Object {
          "day": 4,
          "events": Array [],
          "name": "Friday",
          "offset": true,
        },
        Object {
          "day": 5,
          "events": Array [],
          "name": "Saturday",
          "offset": true,
        },
        Object {
          "day": 6,
          "events": Array [],
          "name": "Sunday",
          "offset": true,
        },
      ],
      "month": 1,
      "name": "January",
      "totalOffsetDays": 6,
      "year": 2019,
    },
    "prev": Object {
      "days": Array [
        Object {
          "day": 26,
          "events": Array [],
          "name": "Monday",
          "offset": true,
        },
        Object {
          "day": 27,
          "events": Array [],
          "name": "Tuesday",
          "offset": true,
        },
        Object {
          "day": 28,
          "events": Array [],
          "name": "Wednesday",
          "offset": true,
        },
        Object {
          "day": 29,
          "events": Array [],
          "name": "Thursday",
          "offset": true,
        },
        Object {
          "day": 30,
          "events": Array [],
          "name": "Friday",
          "offset": true,
        },
      ],
      "month": 11,
      "name": "November",
      "totalOffsetDays": 5,
      "year": 2018,
    },
  },
]
`;

exports[`should get full month with prev offset days and next offset days 1`] = `
Object {
  "current": Object {
    "days": Array [
      Object {
        "day": 1,
        "events": Array [],
        "name": "Saturday",
        "today": false,
      },
      Object {
        "day": 2,
        "events": Array [],
        "name": "Sunday",
        "today": false,
      },
      Object {
        "day": 3,
        "events": Array [],
        "name": "Monday",
        "today": false,
      },
      Object {
        "day": 4,
        "events": Array [],
        "name": "Tuesday",
        "today": false,
      },
      Object {
        "day": 5,
        "events": Array [],
        "name": "Wednesday",
        "today": false,
      },
      Object {
        "day": 6,
        "events": Array [],
        "name": "Thursday",
        "today": false,
      },
      Object {
        "day": 7,
        "events": Array [
          Object {
            "calendar": "Reminders",
            "color": "#b342f4",
            "createdBy": "Username",
            "id": 123,
            "location": "location address",
            "starts": 2018-09-07T09:50:47.083Z,
            "title": "make that soup already!",
          },
        ],
        "name": "Friday",
        "today": false,
      },
      Object {
        "day": 8,
        "events": Array [],
        "name": "Saturday",
        "today": false,
      },
      Object {
        "day": 9,
        "events": Array [],
        "name": "Sunday",
        "today": false,
      },
      Object {
        "day": 10,
        "events": Array [],
        "name": "Monday",
        "today": false,
      },
      Object {
        "day": 11,
        "events": Array [],
        "name": "Tuesday",
        "today": false,
      },
      Object {
        "day": 12,
        "events": Array [],
        "name": "Wednesday",
        "today": false,
      },
      Object {
        "day": 13,
        "events": Array [],
        "name": "Thursday",
        "today": false,
      },
      Object {
        "day": 14,
        "events": Array [],
        "name": "Friday",
        "today": false,
      },
      Object {
        "day": 15,
        "events": Array [],
        "name": "Saturday",
        "today": false,
      },
      Object {
        "day": 16,
        "events": Array [],
        "name": "Sunday",
        "today": false,
      },
      Object {
        "day": 17,
        "events": Array [],
        "name": "Monday",
        "today": false,
      },
      Object {
        "day": 18,
        "events": Array [],
        "name": "Tuesday",
        "today": false,
      },
      Object {
        "day": 19,
        "events": Array [],
        "name": "Wednesday",
        "today": false,
      },
      Object {
        "day": 20,
        "events": Array [],
        "name": "Thursday",
        "today": false,
      },
      Object {
        "day": 21,
        "events": Array [],
        "name": "Friday",
        "today": false,
      },
      Object {
        "day": 22,
        "events": Array [],
        "name": "Saturday",
        "today": false,
      },
      Object {
        "day": 23,
        "events": Array [],
        "name": "Sunday",
        "today": false,
      },
      Object {
        "day": 24,
        "events": Array [],
        "name": "Monday",
        "today": false,
      },
      Object {
        "day": 25,
        "events": Array [],
        "name": "Tuesday",
        "today": false,
      },
      Object {
        "day": 26,
        "events": Array [],
        "name": "Wednesday",
        "today": false,
      },
      Object {
        "day": 27,
        "events": Array [],
        "name": "Thursday",
        "today": false,
      },
      Object {
        "day": 28,
        "events": Array [],
        "name": "Friday",
        "today": false,
      },
      Object {
        "day": 29,
        "events": Array [],
        "name": "Saturday",
        "today": false,
      },
      Object {
        "day": 30,
        "events": Array [],
        "name": "Sunday",
        "today": false,
      },
    ],
    "month": 9,
    "name": "September",
    "totalDays": 30,
    "totalWeeks": 6,
    "year": 2018,
  },
  "next": Object {
    "days": Array [
      Object {
        "day": 1,
        "events": Array [],
        "name": "Monday",
        "offset": true,
      },
      Object {
        "day": 2,
        "events": Array [],
        "name": "Tuesday",
        "offset": true,
      },
      Object {
        "day": 3,
        "events": Array [],
        "name": "Wednesday",
        "offset": true,
      },
      Object {
        "day": 4,
        "events": Array [],
        "name": "Thursday",
        "offset": true,
      },
      Object {
        "day": 5,
        "events": Array [],
        "name": "Friday",
        "offset": true,
      },
      Object {
        "day": 6,
        "events": Array [],
        "name": "Saturday",
        "offset": true,
      },
      Object {
        "day": 7,
        "events": Array [],
        "name": "Sunday",
        "offset": true,
      },
    ],
    "month": 10,
    "name": "October",
    "totalOffsetDays": 7,
    "year": 2018,
  },
  "prev": Object {
    "days": Array [
      Object {
        "day": 27,
        "events": Array [],
        "name": "Monday",
        "offset": true,
      },
      Object {
        "day": 28,
        "events": Array [],
        "name": "Tuesday",
        "offset": true,
      },
      Object {
        "day": 29,
        "events": Array [],
        "name": "Wednesday",
        "offset": true,
      },
      Object {
        "day": 30,
        "events": Array [],
        "name": "Thursday",
        "offset": true,
      },
      Object {
        "day": 31,
        "events": Array [],
        "name": "Friday",
        "offset": true,
      },
    ],
    "month": 8,
    "name": "August",
    "totalOffsetDays": 5,
    "year": 2018,
  },
}
`;

exports[`should get next month first weeks offset days 1`] = `
Object {
  "days": Array [
    Object {
      "day": 1,
      "events": Array [],
      "name": "Monday",
      "offset": true,
    },
    Object {
      "day": 2,
      "events": Array [],
      "name": "Tuesday",
      "offset": true,
    },
    Object {
      "day": 3,
      "events": Array [],
      "name": "Wednesday",
      "offset": true,
    },
    Object {
      "day": 4,
      "events": Array [],
      "name": "Thursday",
      "offset": true,
    },
    Object {
      "day": 5,
      "events": Array [],
      "name": "Friday",
      "offset": true,
    },
    Object {
      "day": 6,
      "events": Array [],
      "name": "Saturday",
      "offset": true,
    },
    Object {
      "day": 7,
      "events": Array [],
      "name": "Sunday",
      "offset": true,
    },
  ],
  "month": 10,
  "name": "October",
  "totalOffsetDays": 7,
  "year": 2018,
}
`;

exports[`should get previews month last weeks offset days 1`] = `
Object {
  "days": Array [
    Object {
      "day": 27,
      "events": Array [],
      "name": "Monday",
      "offset": true,
    },
    Object {
      "day": 28,
      "events": Array [],
      "name": "Tuesday",
      "offset": true,
    },
    Object {
      "day": 29,
      "events": Array [],
      "name": "Wednesday",
      "offset": true,
    },
    Object {
      "day": 30,
      "events": Array [],
      "name": "Thursday",
      "offset": true,
    },
    Object {
      "day": 31,
      "events": Array [],
      "name": "Friday",
      "offset": true,
    },
  ],
  "month": 8,
  "name": "August",
  "totalOffsetDays": 5,
  "year": 2018,
}
`;
