// Jest Snapshot v1, https://goo.gl/fbAQLP

exports[`should get current month days and events 1`] = `
Object {
  "days": Array [
    Object {
      "date": 2018-08-31T23:00:00.000Z,
      "day": 1,
      "events": undefined,
      "name": "Sunday",
      "selected": false,
      "today": false,
      "weekend": true,
    },
    Object {
      "date": 2018-09-01T23:00:00.000Z,
      "day": 2,
      "events": undefined,
      "name": "Monday",
      "selected": false,
      "today": false,
      "weekend": true,
    },
    Object {
      "date": 2018-09-02T23:00:00.000Z,
      "day": 3,
      "events": undefined,
      "name": "Tuesday",
      "selected": false,
      "today": false,
      "weekend": false,
    },
    Object {
      "date": 2018-09-03T23:00:00.000Z,
      "day": 4,
      "events": undefined,
      "name": "Wednesday",
      "selected": false,
      "today": false,
      "weekend": false,
    },
    Object {
      "date": 2018-09-04T23:00:00.000Z,
      "day": 5,
      "events": undefined,
      "name": "Thursday",
      "selected": false,
      "today": false,
      "weekend": false,
    },
    Object {
      "date": 2018-09-05T23:00:00.000Z,
      "day": 6,
      "events": undefined,
      "name": "Friday",
      "selected": false,
      "today": false,
      "weekend": false,
    },
    Object {
      "date": 2018-09-06T23:00:00.000Z,
      "day": 7,
      "events": undefined,
      "name": "Saturday",
      "selected": false,
      "today": false,
      "weekend": false,
    },
    Object {
      "date": 2018-09-07T23:00:00.000Z,
      "day": 8,
      "events": undefined,
      "name": "Sunday",
      "selected": false,
      "today": false,
      "weekend": true,
    },
    Object {
      "date": 2018-09-08T23:00:00.000Z,
      "day": 9,
      "events": undefined,
      "name": "Monday",
      "selected": false,
      "today": false,
      "weekend": true,
    },
    Object {
      "date": 2018-09-09T23:00:00.000Z,
      "day": 10,
      "events": undefined,
      "name": "Tuesday",
      "selected": false,
      "today": false,
      "weekend": false,
    },
    Object {
      "date": 2018-09-10T23:00:00.000Z,
      "day": 11,
      "events": undefined,
      "name": "Wednesday",
      "selected": false,
      "today": false,
      "weekend": false,
    },
    Object {
      "date": 2018-09-11T23:00:00.000Z,
      "day": 12,
      "events": undefined,
      "name": "Thursday",
      "selected": false,
      "today": true,
      "weekend": false,
    },
    Object {
      "date": 2018-09-12T23:00:00.000Z,
      "day": 13,
      "events": undefined,
      "name": "Friday",
      "selected": false,
      "today": false,
      "weekend": false,
    },
    Object {
      "date": 2018-09-13T23:00:00.000Z,
      "day": 14,
      "events": undefined,
      "name": "Saturday",
      "selected": false,
      "today": false,
      "weekend": false,
    },
    Object {
      "date": 2018-09-14T23:00:00.000Z,
      "day": 15,
      "events": undefined,
      "name": "Sunday",
      "selected": false,
      "today": false,
      "weekend": true,
    },
    Object {
      "date": 2018-09-15T23:00:00.000Z,
      "day": 16,
      "events": undefined,
      "name": "Monday",
      "selected": false,
      "today": false,
      "weekend": true,
    },
    Object {
      "date": 2018-09-16T23:00:00.000Z,
      "day": 17,
      "events": undefined,
      "name": "Tuesday",
      "selected": false,
      "today": false,
      "weekend": false,
    },
    Object {
      "date": 2018-09-17T23:00:00.000Z,
      "day": 18,
      "events": undefined,
      "name": "Wednesday",
      "selected": false,
      "today": false,
      "weekend": false,
    },
    Object {
      "date": 2018-09-18T23:00:00.000Z,
      "day": 19,
      "events": undefined,
      "name": "Thursday",
      "selected": false,
      "today": false,
      "weekend": false,
    },
    Object {
      "date": 2018-09-19T23:00:00.000Z,
      "day": 20,
      "events": undefined,
      "name": "Friday",
      "selected": false,
      "today": false,
      "weekend": false,
    },
    Object {
      "date": 2018-09-20T23:00:00.000Z,
      "day": 21,
      "events": undefined,
      "name": "Saturday",
      "selected": false,
      "today": false,
      "weekend": false,
    },
    Object {
      "date": 2018-09-21T23:00:00.000Z,
      "day": 22,
      "events": undefined,
      "name": "Sunday",
      "selected": false,
      "today": false,
      "weekend": true,
    },
    Object {
      "date": 2018-09-22T23:00:00.000Z,
      "day": 23,
      "events": undefined,
      "name": "Monday",
      "selected": false,
      "today": false,
      "weekend": true,
    },
    Object {
      "date": 2018-09-23T23:00:00.000Z,
      "day": 24,
      "events": undefined,
      "name": "Tuesday",
      "selected": false,
      "today": false,
      "weekend": false,
    },
    Object {
      "date": 2018-09-24T23:00:00.000Z,
      "day": 25,
      "events": undefined,
      "name": "Wednesday",
      "selected": false,
      "today": false,
      "weekend": false,
    },
    Object {
      "date": 2018-09-25T23:00:00.000Z,
      "day": 26,
      "events": undefined,
      "name": "Thursday",
      "selected": false,
      "today": false,
      "weekend": false,
    },
    Object {
      "date": 2018-09-26T23:00:00.000Z,
      "day": 27,
      "events": undefined,
      "name": "Friday",
      "selected": false,
      "today": false,
      "weekend": false,
    },
    Object {
      "date": 2018-09-27T23:00:00.000Z,
      "day": 28,
      "events": undefined,
      "name": "Saturday",
      "selected": false,
      "today": false,
      "weekend": false,
    },
    Object {
      "date": 2018-09-28T23:00:00.000Z,
      "day": 29,
      "events": undefined,
      "name": "Sunday",
      "selected": false,
      "today": false,
      "weekend": true,
    },
    Object {
      "date": 2018-09-29T23:00:00.000Z,
      "day": 30,
      "events": undefined,
      "name": "Monday",
      "selected": false,
      "today": false,
      "weekend": true,
    },
  ],
  "month": 9,
  "name": "September",
  "totalDays": 30,
  "totalWeeks": 6,
  "year": 2018,
}
`;

exports[`should get next month first weeks offset days 1`] = `
Object {
  "days": Array [
    Object {
      "date": 2018-09-30T23:00:00.000Z,
      "day": 1,
      "events": undefined,
      "name": "Tuesday",
      "offset": true,
      "weekend": false,
    },
    Object {
      "date": 2018-10-01T23:00:00.000Z,
      "day": 2,
      "events": undefined,
      "name": "Wednesday",
      "offset": true,
      "weekend": false,
    },
    Object {
      "date": 2018-10-02T23:00:00.000Z,
      "day": 3,
      "events": undefined,
      "name": "Thursday",
      "offset": true,
      "weekend": false,
    },
    Object {
      "date": 2018-10-03T23:00:00.000Z,
      "day": 4,
      "events": undefined,
      "name": "Friday",
      "offset": true,
      "weekend": false,
    },
    Object {
      "date": 2018-10-04T23:00:00.000Z,
      "day": 5,
      "events": undefined,
      "name": "Saturday",
      "offset": true,
      "weekend": false,
    },
    Object {
      "date": 2018-10-05T23:00:00.000Z,
      "day": 6,
      "events": undefined,
      "name": "Sunday",
      "offset": true,
      "weekend": true,
    },
    Object {
      "date": 2018-10-06T23:00:00.000Z,
      "day": 7,
      "events": undefined,
      "name": "Monday",
      "offset": true,
      "weekend": true,
    },
  ],
  "month": 10,
  "name": "October",
  "totalOffsetDays": 7,
  "year": 2018,
}
`;

exports[`should get previews month last weeks offset days 1`] = `
Object {
  "days": Array [
    Object {
      "date": 2018-08-26T23:00:00.000Z,
      "day": 27,
      "events": undefined,
      "name": "Tuesday",
      "offset": true,
      "weekend": false,
    },
    Object {
      "date": 2018-08-27T23:00:00.000Z,
      "day": 28,
      "events": undefined,
      "name": "Wednesday",
      "offset": true,
      "weekend": false,
    },
    Object {
      "date": 2018-08-28T23:00:00.000Z,
      "day": 29,
      "events": undefined,
      "name": "Thursday",
      "offset": true,
      "weekend": false,
    },
    Object {
      "date": 2018-08-29T23:00:00.000Z,
      "day": 30,
      "events": undefined,
      "name": "Friday",
      "offset": true,
      "weekend": false,
    },
    Object {
      "date": 2018-08-30T23:00:00.000Z,
      "day": 31,
      "events": undefined,
      "name": "Saturday",
      "offset": true,
      "weekend": false,
    },
  ],
  "month": 8,
  "name": "August",
  "totalOffsetDays": 5,
  "year": 2018,
}
`;
